{"sessionId": "039fda", "runId": "run5", "hypothesisId": "H8", "location": "app.py:_update_loupe", "message": "loupe_updated_at_cursor_pos", "data": {"cursor_pos": [3173, 356], "target": null, "center_confirmed_flag": false, "state_step1": false}, "timestamp": 1774522389363}
{"sessionId": "039fda", "runId": "run4", "hypothesisId": "H7", "location": "app.py:_reset_object_state", "message": "object_state_reset", "data": {"preview_zoomed_present": false, "preview_full_present": false, "cursor_pos": [1709, 300]}, "timestamp": 1774522394453}
{"sessionId": "039fda", "runId": "run5", "hypothesisId": "H8", "location": "app.py:_update_loupe", "message": "loupe_updated_at_cursor_pos", "data": {"cursor_pos": [1709, 300], "target": null, "center_confirmed_flag": false, "state_step1": false}, "timestamp": 1774522394455}
{"sessionId": "039fda", "runId": "run4", "hypothesisId": "H7", "location": "app.py:_reset_object_state", "message": "object_state_reset", "data": {"preview_zoomed_present": false, "preview_full_present": false, "cursor_pos": [1709, 300]}, "timestamp": 1774522399801}
{"sessionId": "039fda", "runId": "run5", "hypothesisId": "H8", "location": "app.py:_update_loupe", "message": "loupe_updated_at_cursor_pos", "data": {"cursor_pos": [1709, 300], "target": null, "center_confirmed_flag": false, "state_step1": false}, "timestamp": 1774522399802}
{"sessionId": "039fda", "runId": "run4", "hypothesisId": "H7", "location": "app.py:_process_mouse_over_object", "message": "entered_new_object_hover", "data": {"obj_id": 118, "preview_zoomed_present": false, "preview_full_present": false, "cursor_pos": [1721, 270]}, "timestamp": 1774522404889}
{"sessionId": "039fda", "runId": "run5", "hypothesisId": "H8", "location": "app.py:_update_loupe", "message": "loupe_updated_at_cursor_pos", "data": {"cursor_pos": [1721, 270], "target": null, "center_confirmed_flag": false, "state_step1": false}, "timestamp": 1774522404891}
{"sessionId": "039fda", "runId": "run4", "hypothesisId": "H7", "location": "app.py:_process_mouse_over_object", "message": "entered_new_object_hover", "data": {"obj_id": 92, "preview_zoomed_present": false, "preview_full_present": false, "cursor_pos": [1721, 251]}, "timestamp": 1774522410096}
{"sessionId": "039fda", "runId": "run5", "hypothesisId": "H8", "location": "app.py:_update_loupe", "message": "loupe_updated_at_cursor_pos", "data": {"cursor_pos": [1721, 251], "target": null, "center_confirmed_flag": false, "state_step1": false}, "timestamp": 1774522410098}
{"sessionId": "039fda", "runId": "run1", "hypothesisId": "H2", "location": "app.py:_move_cursor_to_mass_center", "message": "before_set_cursor", "data": {"obj_id": 92, "cursor_before_set": [1721, 251], "target": [1709, 229]}, "timestamp": 1774522415239}
{"sessionId": "039fda", "runId": "run1", "hypothesisId": "H2", "location": "app.py:_move_cursor_to_mass_center", "message": "after_set_cursor", "data": {"obj_id": 92, "cursor_after_set": [1709, 229], "target": [1709, 229]}, "timestamp": 1774522415239}
{"sessionId": "039fda", "runId": "run1", "hypothesisId": "H2", "location": "app.py:_move_cursor_to_mass_center", "message": "center_confirmed_and_hold_set", "data": {"obj_id": 92, "cursor_now": [1709, 229], "target": [1709, 229], "hold_until": 1774522416.2403216}, "timestamp": 1774522415240}
{"sessionId": "039fda", "runId": "run1", "hypothesisId": "H1", "location": "app.py:_process_mouse_over_object", "message": "move_to_center_result", "data": {"obj_id": 92, "moved": true, "cursor_pos_after_move_call": [1709, 229], "target": [1709, 229], "center_confirmed_flag": true}, "timestamp": 1774522415240}
{"sessionId": "039fda", "runId": "run6", "hypothesisId": "H9", "location": "app.py:_process_mouse_over_object", "message": "before_forced_loupe_refresh_after_center", "data": {"cursor_pos": [1709, 229], "target": [1709, 229], "last_loupe_cursor_pos": [1721, 251]}, "timestamp": 1774522415241}
{"sessionId": "039fda", "runId": "run5", "hypothesisId": "H8", "location": "app.py:_update_loupe", "message": "loupe_updated_at_cursor_pos", "data": {"cursor_pos": [1709, 229], "target": [1709, 229], "center_confirmed_flag": true, "state_step1": false}, "timestamp": 1774522415242}
{"sessionId": "039fda", "runId": "run6", "hypothesisId": "H9", "location": "app.py:_process_mouse_over_object", "message": "after_forced_loupe_refresh_after_center", "data": {"cursor_pos": [1709, 229], "target": [1709, 229], "last_loupe_cursor_pos": [1709, 229]}, "timestamp": 1774522415287}
{"sessionId": "039fda", "runId": "run1", "hypothesisId": "H1", "location": "app.py:_process_mouse_over_object", "message": "step1_set_after_move", "data": {"obj_id": 92, "cursor_pos_after_step1_set": [1709, 229], "target": [1709, 229], "center_confirmed_flag": true}, "timestamp": 1774522415288}
{"sessionId": "039fda", "runId": "run1", "hypothesisId": "H3", "location": "app.py:_process_signature_if_pending", "message": "signature_started_after_center_confirmed", "data": {"cursor_pos": [1709, 229], "target": [1709, 229], "center_confirmed_flag": true, "do_screenshots": true}, "timestamp": 1774522415289}
{"sessionId": "039fda", "runId": "run5", "hypothesisId": "H8", "location": "app.py:_process_signature_if_pending", "message": "signature_uses_loupe_snapshot", "data": {"cursor_pos_now": [1709, 229], "loupe_cursor_pos": [1709, 229], "target": [1709, 229], "center_confirmed_flag": true}, "timestamp": 1774522415290}
{"sessionId": "039fda", "runId": "run3", "hypothesisId": "H5", "location": "app.py:_on_object_recognized_event", "message": "object_recognized_event_received", "data": {"refined_id": 14, "is_new": true, "cursor_pos": [1709, 229], "target": [1709, 229], "center_confirmed_flag": true}, "timestamp": 1774522415294}
{"sessionId": "039fda", "runId": "run2", "hypothesisId": "H4", "location": "app.py:_process_signature_if_pending", "message": "new_object_screenshot_saved", "data": {"refined_id": 14, "zoomed_path": "c:\\Users\\1\\Desktop\\GitHub\\Glaz\\object_screenshots\\object_14_zoomed.png", "cursor_pos": [1709, 229], "target": [1709, 229], "center_confirmed_flag": true}, "timestamp": 1774522415327}
{"sessionId": "039fda", "runId": "run3", "hypothesisId": "H6", "location": "app.py:_update_screenshot_previews", "message": "preview_update_called", "data": {"has_zoomed": true, "has_full": false, "cursor_pos": [1709, 229], "target": [1709, 229], "center_confirmed_flag": true}, "timestamp": 1774522415327}
{"sessionId": "039fda", "runId": "run5", "hypothesisId": "H8", "location": "app.py:_update_loupe", "message": "loupe_updated_at_cursor_pos", "data": {"cursor_pos": [1709, 229], "target": null, "center_confirmed_flag": false, "state_step1": false}, "timestamp": 1774522415330}
{"sessionId": "039fda", "runId": "run4", "hypothesisId": "H7", "location": "app.py:_process_mouse_over_object", "message": "entered_new_object_hover", "data": {"obj_id": 58, "preview_zoomed_present": true, "preview_full_present": false, "cursor_pos": [1715, 116]}, "timestamp": 1774522420461}
{"sessionId": "039fda", "runId": "run5", "hypothesisId": "H8", "location": "app.py:_update_loupe", "message": "loupe_updated_at_cursor_pos", "data": {"cursor_pos": [1715, 116], "target": null, "center_confirmed_flag": false, "state_step1": false}, "timestamp": 1774522420463}
{"sessionId": "039fda", "runId": "run1", "hypothesisId": "H2", "location": "app.py:_move_cursor_to_mass_center", "message": "before_set_cursor", "data": {"obj_id": 58, "cursor_before_set": [1715, 116], "target": [1706, 136]}, "timestamp": 1774522425659}
{"sessionId": "039fda", "runId": "run1", "hypothesisId": "H2", "location": "app.py:_move_cursor_to_mass_center", "message": "after_set_cursor", "data": {"obj_id": 58, "cursor_after_set": [1706, 136], "target": [1706, 136]}, "timestamp": 1774522425660}
{"sessionId": "039fda", "runId": "run1", "hypothesisId": "H2", "location": "app.py:_move_cursor_to_mass_center", "message": "center_confirmed_and_hold_set", "data": {"obj_id": 58, "cursor_now": [1706, 136], "target": [1706, 136], "hold_until": 1774522426.6613805}, "timestamp": 1774522425661}
{"sessionId": "039fda", "runId": "run1", "hypothesisId": "H1", "location": "app.py:_process_mouse_over_object", "message": "move_to_center_result", "data": {"obj_id": 58, "moved": true, "cursor_pos_after_move_call": [1706, 136], "target": [1706, 136], "center_confirmed_flag": true}, "timestamp": 1774522425661}
{"sessionId": "039fda", "runId": "run6", "hypothesisId": "H9", "location": "app.py:_process_mouse_over_object", "message": "before_forced_loupe_refresh_after_center", "data": {"cursor_pos": [1706, 136], "target": [1706, 136], "last_loupe_cursor_pos": [1715, 116]}, "timestamp": 1774522425662}
{"sessionId": "039fda", "runId": "run5", "hypothesisId": "H8", "location": "app.py:_update_loupe", "message": "loupe_updated_at_cursor_pos", "data": {"cursor_pos": [1706, 136], "target": [1706, 136], "center_confirmed_flag": true, "state_step1": false}, "timestamp": 1774522425663}
{"sessionId": "039fda", "runId": "run6", "hypothesisId": "H9", "location": "app.py:_process_mouse_over_object", "message": "after_forced_loupe_refresh_after_center", "data": {"cursor_pos": [1706, 136], "target": [1706, 136], "last_loupe_cursor_pos": [1706, 136]}, "timestamp": 1774522425707}
{"sessionId": "039fda", "runId": "run1", "hypothesisId": "H1", "location": "app.py:_process_mouse_over_object", "message": "step1_set_after_move", "data": {"obj_id": 58, "cursor_pos_after_step1_set": [1706, 136], "target": [1706, 136], "center_confirmed_flag": true}, "timestamp": 1774522425708}
{"sessionId": "039fda", "runId": "run1", "hypothesisId": "H3", "location": "app.py:_process_signature_if_pending", "message": "signature_started_after_center_confirmed", "data": {"cursor_pos": [1706, 136], "target": [1706, 136], "center_confirmed_flag": true, "do_screenshots": true}, "timestamp": 1774522425709}
{"sessionId": "039fda", "runId": "run5", "hypothesisId": "H8", "location": "app.py:_process_signature_if_pending", "message": "signature_uses_loupe_snapshot", "data": {"cursor_pos_now": [1706, 136], "loupe_cursor_pos": [1706, 136], "target": [1706, 136], "center_confirmed_flag": true}, "timestamp": 1774522425710}
{"sessionId": "039fda", "runId": "run3", "hypothesisId": "H5", "location": "app.py:_on_object_recognized_event", "message": "object_recognized_event_received", "data": {"refined_id": 15, "is_new": true, "cursor_pos": [1706, 136], "target": [1706, 136], "center_confirmed_flag": true}, "timestamp": 1774522425712}
{"sessionId": "039fda", "runId": "run2", "hypothesisId": "H4", "location": "app.py:_process_signature_if_pending", "message": "new_object_screenshot_saved", "data": {"refined_id": 15, "zoomed_path": "c:\\Users\\1\\Desktop\\GitHub\\Glaz\\object_screenshots\\object_15_zoomed.png", "cursor_pos": [1706, 136], "target": [1706, 136], "center_confirmed_flag": true}, "timestamp": 1774522425717}
{"sessionId": "039fda", "runId": "run3", "hypothesisId": "H6", "location": "app.py:_update_screenshot_previews", "message": "preview_update_called", "data": {"has_zoomed": true, "has_full": false, "cursor_pos": [1706, 136], "target": [1706, 136], "center_confirmed_flag": true}, "timestamp": 1774522425718}
{"sessionId": "039fda", "runId": "run5", "hypothesisId": "H8", "location": "app.py:_update_loupe", "message": "loupe_updated_at_cursor_pos", "data": {"cursor_pos": [1706, 136], "target": null, "center_confirmed_flag": false, "state_step1": false}, "timestamp": 1774522425721}
{"sessionId": "039fda", "runId": "run4", "hypothesisId": "H7", "location": "app.py:_process_mouse_over_object", "message": "entered_new_object_hover", "data": {"obj_id": 55, "preview_zoomed_present": true, "preview_full_present": false, "cursor_pos": [207, 114]}, "timestamp": 1774522430795}
{"sessionId": "039fda", "runId": "run5", "hypothesisId": "H8", "location": "app.py:_update_loupe", "message": "loupe_updated_at_cursor_pos", "data": {"cursor_pos": [207, 114], "target": null, "center_confirmed_flag": false, "state_step1": false}, "timestamp": 1774522430797}
{"sessionId": "039fda", "runId": "run1", "hypothesisId": "H2", "location": "app.py:_move_cursor_to_mass_center", "message": "before_set_cursor", "data": {"obj_id": 55, "cursor_before_set": [207, 114], "target": [189, 129]}, "timestamp": 1774522435812}
{"sessionId": "039fda", "runId": "run1", "hypothesisId": "H2", "location": "app.py:_move_cursor_to_mass_center", "message": "after_set_cursor", "data": {"obj_id": 55, "cursor_after_set": [189, 129], "target": [189, 129]}, "timestamp": 1774522435813}
{"sessionId": "039fda", "runId": "run1", "hypothesisId": "H2", "location": "app.py:_move_cursor_to_mass_center", "message": "center_confirmed_and_hold_set", "data": {"obj_id": 55, "cursor_now": [189, 129], "target": [189, 129], "hold_until": 1774522436.81382}, "timestamp": 1774522435813}
{"sessionId": "039fda", "runId": "run1", "hypothesisId": "H1", "location": "app.py:_process_mouse_over_object", "message": "move_to_center_result", "data": {"obj_id": 55, "moved": true, "cursor_pos_after_move_call": [189, 129], "target": [189, 129], "center_confirmed_flag": true}, "timestamp": 1774522435814}
{"sessionId": "039fda", "runId": "run6", "hypothesisId": "H9", "location": "app.py:_process_mouse_over_object", "message": "before_forced_loupe_refresh_after_center", "data": {"cursor_pos": [189, 129], "target": [189, 129], "last_loupe_cursor_pos": [207, 114]}, "timestamp": 1774522435814}
{"sessionId": "039fda", "runId": "run5", "hypothesisId": "H8", "location": "app.py:_update_loupe", "message": "loupe_updated_at_cursor_pos", "data": {"cursor_pos": [189, 129], "target": [189, 129], "center_confirmed_flag": true, "state_step1": false}, "timestamp": 1774522435815}
{"sessionId": "039fda", "runId": "run6", "hypothesisId": "H9", "location": "app.py:_process_mouse_over_object", "message": "after_forced_loupe_refresh_after_center", "data": {"cursor_pos": [189, 129], "target": [189, 129], "last_loupe_cursor_pos": [189, 129]}, "timestamp": 1774522435858}
{"sessionId": "039fda", "runId": "run1", "hypothesisId": "H1", "location": "app.py:_process_mouse_over_object", "message": "step1_set_after_move", "data": {"obj_id": 55, "cursor_pos_after_step1_set": [189, 129], "target": [189, 129], "center_confirmed_flag": true}, "timestamp": 1774522435858}
{"sessionId": "039fda", "runId": "run1", "hypothesisId": "H3", "location": "app.py:_process_signature_if_pending", "message": "signature_started_after_center_confirmed", "data": {"cursor_pos": [189, 129], "target": [189, 129], "center_confirmed_flag": true, "do_screenshots": true}, "timestamp": 1774522435859}
{"sessionId": "039fda", "runId": "run5", "hypothesisId": "H8", "location": "app.py:_process_signature_if_pending", "message": "signature_uses_loupe_snapshot", "data": {"cursor_pos_now": [189, 129], "loupe_cursor_pos": [189, 129], "target": [189, 129], "center_confirmed_flag": true}, "timestamp": 1774522435860}
{"sessionId": "039fda", "runId": "run3", "hypothesisId": "H5", "location": "app.py:_on_object_recognized_event", "message": "object_recognized_event_received", "data": {"refined_id": 14, "is_new": false, "cursor_pos": [189, 129], "target": [189, 129], "center_confirmed_flag": true}, "timestamp": 1774522435863}
{"sessionId": "039fda", "runId": "run2", "hypothesisId": "H4", "location": "app.py:_process_signature_if_pending", "message": "known_object_preview_loaded", "data": {"refined_id": 14, "zoomed_path_exists": true, "cursor_pos": [189, 129], "target": [189, 129], "center_confirmed_flag": true}, "timestamp": 1774522435876}
{"sessionId": "039fda", "runId": "run3", "hypothesisId": "H6", "location": "app.py:_update_screenshot_previews", "message": "preview_update_called", "data": {"has_zoomed": true, "has_full": false, "cursor_pos": [189, 129], "target": [189, 129], "center_confirmed_flag": true}, "timestamp": 1774522435876}
{"sessionId": "039fda", "runId": "run5", "hypothesisId": "H8", "location": "app.py:_update_loupe", "message": "loupe_updated_at_cursor_pos", "data": {"cursor_pos": [189, 129], "target": null, "center_confirmed_flag": false, "state_step1": false}, "timestamp": 1774522435879}
{"sessionId": "039fda", "runId": "run4", "hypothesisId": "H7", "location": "app.py:_process_mouse_over_object", "message": "entered_new_object_hover", "data": {"obj_id": 94, "preview_zoomed_present": true, "preview_full_present": false, "cursor_pos": [119, 217]}, "timestamp": 1774522440993}
{"sessionId": "039fda", "runId": "run5", "hypothesisId": "H8", "location": "app.py:_update_loupe", "message": "loupe_updated_at_cursor_pos", "data": {"cursor_pos": [119, 217], "target": null, "center_confirmed_flag": false, "state_step1": false}, "timestamp": 1774522440994}
{"sessionId": "039fda", "runId": "run1", "hypothesisId": "H2", "location": "app.py:_move_cursor_to_mass_center", "message": "before_set_cursor", "data": {"obj_id": 94, "cursor_before_set": [119, 217], "target": [110, 236]}, "timestamp": 1774522446252}
{"sessionId": "039fda", "runId": "run1", "hypothesisId": "H2", "location": "app.py:_move_cursor_to_mass_center", "message": "after_set_cursor", "data": {"obj_id": 94, "cursor_after_set": [110, 236], "target": [110, 236]}, "timestamp": 1774522446253}
{"sessionId": "039fda", "runId": "run1", "hypothesisId": "H2", "location": "app.py:_move_cursor_to_mass_center", "message": "center_confirmed_and_hold_set", "data": {"obj_id": 94, "cursor_now": [110, 236], "target": [110, 236], "hold_until": 1774522447.2538335}, "timestamp": 1774522446253}
{"sessionId": "039fda", "runId": "run1", "hypothesisId": "H1", "location": "app.py:_process_mouse_over_object", "message": "move_to_center_result", "data": {"obj_id": 94, "moved": true, "cursor_pos_after_move_call": [110, 236], "target": [110, 236], "center_confirmed_flag": true}, "timestamp": 1774522446254}
{"sessionId": "039fda", "runId": "run6", "hypothesisId": "H9", "location": "app.py:_process_mouse_over_object", "message": "before_forced_loupe_refresh_after_center", "data": {"cursor_pos": [110, 236], "target": [110, 236], "last_loupe_cursor_pos": [119, 217]}, "timestamp": 1774522446254}
{"sessionId": "039fda", "runId": "run5", "hypothesisId": "H8", "location": "app.py:_update_loupe", "message": "loupe_updated_at_cursor_pos", "data": {"cursor_pos": [110, 236], "target": [110, 236], "center_confirmed_flag": true, "state_step1": false}, "timestamp": 1774522446255}
{"sessionId": "039fda", "runId": "run6", "hypothesisId": "H9", "location": "app.py:_process_mouse_over_object", "message": "after_forced_loupe_refresh_after_center", "data": {"cursor_pos": [110, 236], "target": [110, 236], "last_loupe_cursor_pos": [110, 236]}, "timestamp": 1774522446298}
{"sessionId": "039fda", "runId": "run1", "hypothesisId": "H1", "location": "app.py:_process_mouse_over_object", "message": "step1_set_after_move", "data": {"obj_id": 94, "cursor_pos_after_step1_set": [110, 236], "target": [110, 236], "center_confirmed_flag": true}, "timestamp": 1774522446299}
{"sessionId": "039fda", "runId": "run1", "hypothesisId": "H3", "location": "app.py:_process_signature_if_pending", "message": "signature_started_after_center_confirmed", "data": {"cursor_pos": [110, 236], "target": [110, 236], "center_confirmed_flag": true, "do_screenshots": true}, "timestamp": 1774522446300}
{"sessionId": "039fda", "runId": "run5", "hypothesisId": "H8", "location": "app.py:_process_signature_if_pending", "message": "signature_uses_loupe_snapshot", "data": {"cursor_pos_now": [110, 236], "loupe_cursor_pos": [110, 236], "target": [110, 236], "center_confirmed_flag": true}, "timestamp": 1774522446300}
{"sessionId": "039fda", "runId": "run3", "hypothesisId": "H5", "location": "app.py:_on_object_recognized_event", "message": "object_recognized_event_received", "data": {"refined_id": 15, "is_new": false, "cursor_pos": [110, 236], "target": [110, 236], "center_confirmed_flag": true}, "timestamp": 1774522446304}
{"sessionId": "039fda", "runId": "run2", "hypothesisId": "H4", "location": "app.py:_process_signature_if_pending", "message": "known_object_preview_loaded", "data": {"refined_id": 15, "zoomed_path_exists": true, "cursor_pos": [110, 236], "target": [110, 236], "center_confirmed_flag": true}, "timestamp": 1774522446315}
{"sessionId": "039fda", "runId": "run3", "hypothesisId": "H6", "location": "app.py:_update_screenshot_previews", "message": "preview_update_called", "data": {"has_zoomed": true, "has_full": false, "cursor_pos": [110, 236], "target": [110, 236], "center_confirmed_flag": true}, "timestamp": 1774522446316}
{"sessionId": "039fda", "runId": "run5", "hypothesisId": "H8", "location": "app.py:_update_loupe", "message": "loupe_updated_at_cursor_pos", "data": {"cursor_pos": [110, 236], "target": null, "center_confirmed_flag": false, "state_step1": false}, "timestamp": 1774522446318}
{"sessionId": "039fda", "runId": "run4", "hypothesisId": "H7", "location": "app.py:_reset_object_state", "message": "object_state_reset", "data": {"preview_zoomed_present": true, "preview_full_present": false, "cursor_pos": [2129, 182]}, "timestamp": 1774522451409}
{"sessionId": "039fda", "runId": "run5", "hypothesisId": "H8", "location": "app.py:_update_loupe", "message": "loupe_updated_at_cursor_pos", "data": {"cursor_pos": [2129, 182], "target": null, "center_confirmed_flag": false, "state_step1": false}, "timestamp": 1774522451413}
{"sessionId": "039fda", "runId": "run4", "hypothesisId": "H7", "location": "app.py:_reset_object_state", "message": "object_state_reset", "data": {"preview_zoomed_present": true, "preview_full_present": false, "cursor_pos": [2129, 182]}, "timestamp": 1774522456342}
